// Jest Snapshot v1, https://goo.gl/fbAQLP

exports[`<ErrorPage /> should match the snapshot 1`] = `"<div class=\\"makeStyles-content-2\\"><p class=\\"MuiTypography-root makeStyles-h1-3 MuiTypography-body1\\">Something is wrong</p><p class=\\"MuiTypography-root makeStyles-text-4 MuiTypography-body1\\">The page you are looking for was moved, removed,renamed or might never existed</p><a href=\\"/\\"><button class=\\"MuiButtonBase-root MuiButton-root MuiButton-contained makeStyles-btn-6 MuiButton-containedPrimary MuiButton-disableElevation\\" tabindex=\\"0\\" type=\\"button\\"><span class=\\"MuiButton-label\\">Go home</span></button></a></div><div class=\\"makeStyles-imageWrapper-5\\"><img src=\\"404.svg\\" alt></div>"`;
